// Jest Snapshot v1, https://goo.gl/fbAQLP

exports[`Button renders correctly 1`] = `
<DocumentFragment>
  .emotion-0 {
  height: 24px;
  border-radius: 4px;
  border: 1px solid #3a3a3a;
  padding-left: 10px;
  padding-right: 10px;
}

<button
    class="emotion-0"
    type="button"
  >
    Button
  </button>
</DocumentFragment>
`;
